bwrap --die-with-parent --bind rootfs / --unshare-pid --unshare-net --unshare-ipc --unshare-uts --chdir / --setenv PATH /usr/local/sbin:/usr/local/bin:/usr/sbin:/usr/bin:/sbin:/bin --setenv TERM xterm --uid 10 --gid 0 --proc /proc --dev /dev --bind /dev/pts /dev/pts --tmpfs /dev/shm --mqueue /dev/mqueue --ro-bind /sys /sys --tmpfs /tmp --hostname mrsdalloway --seccomp FD sh
